------------------------------------------------------------
TimeQuest Timing Analyzer Summary
------------------------------------------------------------

Type  : Slow 1100mV 85C Model Setup 'audio3:audio|audio_clock:u4|LRCK_1X'
Slack : -21.360
TNS   : -620.217

Type  : Slow 1100mV 85C Model Setup 'audio|p1|altpll_component|auto_generated|generic_pll2~PLL_OUTPUT_COUNTER|divclk'
Slack : -5.701
TNS   : -11.357

Type  : Slow 1100mV 85C Model Setup 'CLOCK_50'
Slack : -5.105
TNS   : -178.544

Type  : Slow 1100mV 85C Model Setup 'audio3:audio|I2C_AV_Config:u3|mI2C_CTRL_CLK'
Slack : -2.274
TNS   : -129.293

Type  : Slow 1100mV 85C Model Setup 'audio3:audio|audio_clock:u4|oAUD_BCK'
Slack : -1.301
TNS   : -7.210

Type  : Slow 1100mV 85C Model Hold 'audio3:audio|audio_clock:u4|LRCK_1X'
Slack : 0.282
TNS   : 0.000

Type  : Slow 1100mV 85C Model Hold 'audio3:audio|audio_clock:u4|oAUD_BCK'
Slack : 0.285
TNS   : 0.000

Type  : Slow 1100mV 85C Model Hold 'audio|p1|altpll_component|auto_generated|generic_pll2~PLL_OUTPUT_COUNTER|divclk'
Slack : 0.339
TNS   : 0.000

Type  : Slow 1100mV 85C Model Hold 'CLOCK_50'
Slack : 0.364
TNS   : 0.000

Type  : Slow 1100mV 85C Model Hold 'audio3:audio|I2C_AV_Config:u3|mI2C_CTRL_CLK'
Slack : 0.376
TNS   : 0.000

Type  : Slow 1100mV 85C Model Recovery 'audio3:audio|audio_clock:u4|oAUD_BCK'
Slack : -4.955
TNS   : -34.675

Type  : Slow 1100mV 85C Model Recovery 'audio3:audio|audio_clock:u4|LRCK_1X'
Slack : -4.825
TNS   : -133.846

Type  : Slow 1100mV 85C Model Recovery 'audio|p1|altpll_component|auto_generated|generic_pll2~PLL_OUTPUT_COUNTER|divclk'
Slack : -3.865
TNS   : -64.933

Type  : Slow 1100mV 85C Model Removal 'audio|p1|altpll_component|auto_generated|generic_pll2~PLL_OUTPUT_COUNTER|divclk'
Slack : 0.455
TNS   : 0.000

Type  : Slow 1100mV 85C Model Removal 'audio3:audio|audio_clock:u4|LRCK_1X'
Slack : 3.172
TNS   : 0.000

Type  : Slow 1100mV 85C Model Removal 'audio3:audio|audio_clock:u4|oAUD_BCK'
Slack : 4.292
TNS   : 0.000

Type  : Slow 1100mV 85C Model Minimum Pulse Width 'CLOCK_50'
Slack : -2.174
TNS   : -83.365

Type  : Slow 1100mV 85C Model Minimum Pulse Width 'audio3:audio|I2C_AV_Config:u3|mI2C_CTRL_CLK'
Slack : -0.394
TNS   : -39.465

Type  : Slow 1100mV 85C Model Minimum Pulse Width 'audio3:audio|audio_clock:u4|LRCK_1X'
Slack : -0.394
TNS   : -17.818

Type  : Slow 1100mV 85C Model Minimum Pulse Width 'audio3:audio|audio_clock:u4|oAUD_BCK'
Slack : -0.394
TNS   : -3.634

Type  : Slow 1100mV 85C Model Minimum Pulse Width 'audio|p1|altpll_component|auto_generated|generic_pll1~FRACTIONAL_PLL|vcoph[0]'
Slack : 1.633
TNS   : 0.000

Type  : Slow 1100mV 85C Model Minimum Pulse Width 'CLOCK_27'
Slack : 18.419
TNS   : 0.000

Type  : Slow 1100mV 85C Model Minimum Pulse Width 'audio|p1|altpll_component|auto_generated|generic_pll2~PLL_OUTPUT_COUNTER|divclk'
Slack : 27.081
TNS   : 0.000

Type  : Slow 1100mV 0C Model Setup 'audio3:audio|audio_clock:u4|LRCK_1X'
Slack : -21.586
TNS   : -626.611

Type  : Slow 1100mV 0C Model Setup 'audio|p1|altpll_component|auto_generated|generic_pll2~PLL_OUTPUT_COUNTER|divclk'
Slack : -5.441
TNS   : -10.776

Type  : Slow 1100mV 0C Model Setup 'CLOCK_50'
Slack : -5.169
TNS   : -174.439

Type  : Slow 1100mV 0C Model Setup 'audio3:audio|I2C_AV_Config:u3|mI2C_CTRL_CLK'
Slack : -2.286
TNS   : -126.884

Type  : Slow 1100mV 0C Model Setup 'audio3:audio|audio_clock:u4|oAUD_BCK'
Slack : -1.266
TNS   : -6.832

Type  : Slow 1100mV 0C Model Hold 'audio3:audio|audio_clock:u4|oAUD_BCK'
Slack : 0.293
TNS   : 0.000

Type  : Slow 1100mV 0C Model Hold 'audio|p1|altpll_component|auto_generated|generic_pll2~PLL_OUTPUT_COUNTER|divclk'
Slack : 0.316
TNS   : 0.000

Type  : Slow 1100mV 0C Model Hold 'audio3:audio|audio_clock:u4|LRCK_1X'
Slack : 0.330
TNS   : 0.000

Type  : Slow 1100mV 0C Model Hold 'CLOCK_50'
Slack : 0.370
TNS   : 0.000

Type  : Slow 1100mV 0C Model Hold 'audio3:audio|I2C_AV_Config:u3|mI2C_CTRL_CLK'
Slack : 0.385
TNS   : 0.000

Type  : Slow 1100mV 0C Model Recovery 'audio3:audio|audio_clock:u4|oAUD_BCK'
Slack : -4.999
TNS   : -34.969

Type  : Slow 1100mV 0C Model Recovery 'audio3:audio|audio_clock:u4|LRCK_1X'
Slack : -4.783
TNS   : -133.838

Type  : Slow 1100mV 0C Model Recovery 'audio|p1|altpll_component|auto_generated|generic_pll2~PLL_OUTPUT_COUNTER|divclk'
Slack : -3.801
TNS   : -63.869

Type  : Slow 1100mV 0C Model Removal 'audio|p1|altpll_component|auto_generated|generic_pll2~PLL_OUTPUT_COUNTER|divclk'
Slack : 0.476
TNS   : 0.000

Type  : Slow 1100mV 0C Model Removal 'audio3:audio|audio_clock:u4|LRCK_1X'
Slack : 3.234
TNS   : 0.000

Type  : Slow 1100mV 0C Model Removal 'audio3:audio|audio_clock:u4|oAUD_BCK'
Slack : 4.398
TNS   : 0.000

Type  : Slow 1100mV 0C Model Minimum Pulse Width 'CLOCK_50'
Slack : -2.174
TNS   : -86.878

Type  : Slow 1100mV 0C Model Minimum Pulse Width 'audio3:audio|I2C_AV_Config:u3|mI2C_CTRL_CLK'
Slack : -0.394
TNS   : -38.043

Type  : Slow 1100mV 0C Model Minimum Pulse Width 'audio3:audio|audio_clock:u4|LRCK_1X'
Slack : -0.394
TNS   : -16.309

Type  : Slow 1100mV 0C Model Minimum Pulse Width 'audio3:audio|audio_clock:u4|oAUD_BCK'
Slack : -0.394
TNS   : -4.028

Type  : Slow 1100mV 0C Model Minimum Pulse Width 'audio|p1|altpll_component|auto_generated|generic_pll1~FRACTIONAL_PLL|vcoph[0]'
Slack : 1.633
TNS   : 0.000

Type  : Slow 1100mV 0C Model Minimum Pulse Width 'CLOCK_27'
Slack : 18.445
TNS   : 0.000

Type  : Slow 1100mV 0C Model Minimum Pulse Width 'audio|p1|altpll_component|auto_generated|generic_pll2~PLL_OUTPUT_COUNTER|divclk'
Slack : 27.037
TNS   : 0.000

Type  : Fast 1100mV 85C Model Setup 'audio3:audio|audio_clock:u4|LRCK_1X'
Slack : -12.043
TNS   : -349.903

Type  : Fast 1100mV 85C Model Setup 'audio|p1|altpll_component|auto_generated|generic_pll2~PLL_OUTPUT_COUNTER|divclk'
Slack : -4.232
TNS   : -8.372

Type  : Fast 1100mV 85C Model Setup 'CLOCK_50'
Slack : -2.951
TNS   : -66.014

Type  : Fast 1100mV 85C Model Setup 'audio3:audio|I2C_AV_Config:u3|mI2C_CTRL_CLK'
Slack : -1.101
TNS   : -55.882

Type  : Fast 1100mV 85C Model Setup 'audio3:audio|audio_clock:u4|oAUD_BCK'
Slack : -0.396
TNS   : -1.718

Type  : Fast 1100mV 85C Model Hold 'audio3:audio|audio_clock:u4|LRCK_1X'
Slack : 0.118
TNS   : 0.000

Type  : Fast 1100mV 85C Model Hold 'audio3:audio|I2C_AV_Config:u3|mI2C_CTRL_CLK'
Slack : 0.136
TNS   : 0.000

Type  : Fast 1100mV 85C Model Hold 'audio3:audio|audio_clock:u4|oAUD_BCK'
Slack : 0.155
TNS   : 0.000

Type  : Fast 1100mV 85C Model Hold 'CLOCK_50'
Slack : 0.177
TNS   : 0.000

Type  : Fast 1100mV 85C Model Hold 'audio|p1|altpll_component|auto_generated|generic_pll2~PLL_OUTPUT_COUNTER|divclk'
Slack : 0.189
TNS   : 0.000

Type  : Fast 1100mV 85C Model Recovery 'audio3:audio|audio_clock:u4|oAUD_BCK'
Slack : -2.802
TNS   : -19.610

Type  : Fast 1100mV 85C Model Recovery 'audio3:audio|audio_clock:u4|LRCK_1X'
Slack : -2.707
TNS   : -71.421

Type  : Fast 1100mV 85C Model Recovery 'audio|p1|altpll_component|auto_generated|generic_pll2~PLL_OUTPUT_COUNTER|divclk'
Slack : -2.326
TNS   : -39.015

Type  : Fast 1100mV 85C Model Removal 'audio|p1|altpll_component|auto_generated|generic_pll2~PLL_OUTPUT_COUNTER|divclk'
Slack : 0.264
TNS   : 0.000

Type  : Fast 1100mV 85C Model Removal 'audio3:audio|audio_clock:u4|LRCK_1X'
Slack : 1.806
TNS   : 0.000

Type  : Fast 1100mV 85C Model Removal 'audio3:audio|audio_clock:u4|oAUD_BCK'
Slack : 2.541
TNS   : 0.000

Type  : Fast 1100mV 85C Model Minimum Pulse Width 'CLOCK_50'
Slack : -2.174
TNS   : -45.017

Type  : Fast 1100mV 85C Model Minimum Pulse Width 'audio3:audio|I2C_AV_Config:u3|mI2C_CTRL_CLK'
Slack : 0.002
TNS   : 0.000

Type  : Fast 1100mV 85C Model Minimum Pulse Width 'audio3:audio|audio_clock:u4|oAUD_BCK'
Slack : 0.117
TNS   : 0.000

Type  : Fast 1100mV 85C Model Minimum Pulse Width 'audio3:audio|audio_clock:u4|LRCK_1X'
Slack : 0.151
TNS   : 0.000

Type  : Fast 1100mV 85C Model Minimum Pulse Width 'audio|p1|altpll_component|auto_generated|generic_pll1~FRACTIONAL_PLL|vcoph[0]'
Slack : 1.633
TNS   : 0.000

Type  : Fast 1100mV 85C Model Minimum Pulse Width 'CLOCK_27'
Slack : 18.162
TNS   : 0.000

Type  : Fast 1100mV 85C Model Minimum Pulse Width 'audio|p1|altpll_component|auto_generated|generic_pll2~PLL_OUTPUT_COUNTER|divclk'
Slack : 27.331
TNS   : 0.000

Type  : Fast 1100mV 0C Model Setup 'audio3:audio|audio_clock:u4|LRCK_1X'
Slack : -11.374
TNS   : -330.813

Type  : Fast 1100mV 0C Model Setup 'audio|p1|altpll_component|auto_generated|generic_pll2~PLL_OUTPUT_COUNTER|divclk'
Slack : -3.613
TNS   : -7.163

Type  : Fast 1100mV 0C Model Setup 'CLOCK_50'
Slack : -2.660
TNS   : -56.047

Type  : Fast 1100mV 0C Model Setup 'audio3:audio|I2C_AV_Config:u3|mI2C_CTRL_CLK'
Slack : -0.945
TNS   : -47.953

Type  : Fast 1100mV 0C Model Setup 'audio3:audio|audio_clock:u4|oAUD_BCK'
Slack : -0.314
TNS   : -1.280

Type  : Fast 1100mV 0C Model Hold 'audio3:audio|audio_clock:u4|LRCK_1X'
Slack : 0.118
TNS   : 0.000

Type  : Fast 1100mV 0C Model Hold 'audio3:audio|I2C_AV_Config:u3|mI2C_CTRL_CLK'
Slack : 0.123
TNS   : 0.000

Type  : Fast 1100mV 0C Model Hold 'audio3:audio|audio_clock:u4|oAUD_BCK'
Slack : 0.140
TNS   : 0.000

Type  : Fast 1100mV 0C Model Hold 'CLOCK_50'
Slack : 0.169
TNS   : 0.000

Type  : Fast 1100mV 0C Model Hold 'audio|p1|altpll_component|auto_generated|generic_pll2~PLL_OUTPUT_COUNTER|divclk'
Slack : 0.178
TNS   : 0.000

Type  : Fast 1100mV 0C Model Recovery 'audio3:audio|audio_clock:u4|oAUD_BCK'
Slack : -2.652
TNS   : -18.557

Type  : Fast 1100mV 0C Model Recovery 'audio3:audio|audio_clock:u4|LRCK_1X'
Slack : -2.563
TNS   : -68.983

Type  : Fast 1100mV 0C Model Recovery 'audio|p1|altpll_component|auto_generated|generic_pll2~PLL_OUTPUT_COUNTER|divclk'
Slack : -2.167
TNS   : -36.386

Type  : Fast 1100mV 0C Model Removal 'audio|p1|altpll_component|auto_generated|generic_pll2~PLL_OUTPUT_COUNTER|divclk'
Slack : 0.182
TNS   : 0.000

Type  : Fast 1100mV 0C Model Removal 'audio3:audio|audio_clock:u4|LRCK_1X'
Slack : 1.796
TNS   : 0.000

Type  : Fast 1100mV 0C Model Removal 'audio3:audio|audio_clock:u4|oAUD_BCK'
Slack : 2.444
TNS   : 0.000

Type  : Fast 1100mV 0C Model Minimum Pulse Width 'CLOCK_50'
Slack : -2.174
TNS   : -44.951

Type  : Fast 1100mV 0C Model Minimum Pulse Width 'audio3:audio|I2C_AV_Config:u3|mI2C_CTRL_CLK'
Slack : 0.040
TNS   : 0.000

Type  : Fast 1100mV 0C Model Minimum Pulse Width 'audio3:audio|audio_clock:u4|oAUD_BCK'
Slack : 0.140
TNS   : 0.000

Type  : Fast 1100mV 0C Model Minimum Pulse Width 'audio3:audio|audio_clock:u4|LRCK_1X'
Slack : 0.145
TNS   : 0.000

Type  : Fast 1100mV 0C Model Minimum Pulse Width 'audio|p1|altpll_component|auto_generated|generic_pll1~FRACTIONAL_PLL|vcoph[0]'
Slack : 1.633
TNS   : 0.000

Type  : Fast 1100mV 0C Model Minimum Pulse Width 'CLOCK_27'
Slack : 18.151
TNS   : 0.000

Type  : Fast 1100mV 0C Model Minimum Pulse Width 'audio|p1|altpll_component|auto_generated|generic_pll2~PLL_OUTPUT_COUNTER|divclk'
Slack : 27.323
TNS   : 0.000

------------------------------------------------------------
